Copyright 1986-2018 Xilinx, Inc. All Rights Reserved.
-----------------------------------------------------------------------------------------------------------------------------------------------------------------------------------------------------
| Tool Version : Vivado v.2018.3 (win64) Build 2405991 Thu Dec  6 23:38:27 MST 2018
| Date         : Fri Feb 15 13:20:25 2019
| Host         : vr-2 running 64-bit major release  (build 9200)
| Command      : report_methodology -file xilinx_pcie_2_1_ep_7x_methodology_drc_routed.rpt -pb xilinx_pcie_2_1_ep_7x_methodology_drc_routed.pb -rpx xilinx_pcie_2_1_ep_7x_methodology_drc_routed.rpx
| Design       : xilinx_pcie_2_1_ep_7x
| Device       : xc7k410tffg900-2
| Speed File   : -2
| Design State : Fully Routed
-----------------------------------------------------------------------------------------------------------------------------------------------------------------------------------------------------

Report Methodology

Table of Contents
-----------------
1. REPORT SUMMARY
2. REPORT DETAILS

1. REPORT SUMMARY
-----------------
            Netlist: netlist
          Floorplan: design_1
      Design limits: <entire design considered>
             Max violations: <unlimited>
             Violations found: 1
+---------+----------+------------------------------+------------+
| Rule    | Severity | Description                  | Violations |
+---------+----------+------------------------------+------------+
| LUTAR-1 | Warning  | LUT drives async reset alert | 1          |
+---------+----------+------------------------------+------------+

2. REPORT DETAILS
-----------------
LUTAR-1#1 Warning
LUT drives async reset alert  
LUT cell pcie_7x_0_support_i/pcie_7x_0_i/inst/inst/user_reset_out_i_1, with 2 or more inputs, drives asynchronous preset/clear pin(s) pcie_7x_0_support_i/pcie_7x_0_i/inst/inst/user_reset_int_reg/PRE, pcie_7x_0_support_i/pcie_7x_0_i/inst/inst/user_reset_out_reg/PRE. The LUT may glitch and trigger an unexpected reset, even if it is a properly timed path.
Related violations: <none>


